package main

import (
	context "context"
	redisruntime "domainscript/generated/redisruntime"
	runtime "domainscript/generated/runtime"
	wallet "domainscript/generated/wallet"
	json "encoding/json"
	errors "errors"
	fmt "fmt"
	log "log"
	slog "log/slog"
	net "net"
	http "net/http"
	os "os"
	strconv "strconv"
	strings "strings"
	time "time"
)

// main é o ponto de entrada do service "wallet" — wiring in-memory a partir de
// mod.ds/topology.ds (§design 3.11). Gerado por dsc gen — sobrescrito a cada
// geração, não editar à mão.
func main() {
	store := runtime.NewMemoryEventStore()
	dispatcher := runtime.NewDispatcher()
	uow := runtime.NewUnitOfWork(store, dispatcher)
	workerCtx := context.Background()

	wallet.Wire(uow)
	wallet.WireQueryCache(dispatcher)
	go wallet.StartIdempotencyCleanup(workerCtx)

	port := "8080"
	server := &http.Server{Addr: fmt.Sprintf(":%s", port), Handler: newMux(store)}
	log.Fatal(server.ListenAndServe())
}

// newMux constrói o *http.ServeMux do service "wallet", registrando cada rota de
// Interface HTTP (§design 3.12) — função à parte de main() (ver a doc acima)
// para poder ser exercitada por teste via httptest, sem subir um socket real.
func newMux(store runtime.EventStore) *http.ServeMux {
	mux := http.NewServeMux()
	mux.HandleFunc("POST /wallets/{id}/deposit", func(w http.ResponseWriter, r *http.Request) {
		caller := devCallerFromRequest(r)
		ctx := runtime.WithCaller(r.Context(), caller)
		ctx = runtime.WithTrace(ctx, runtime.NewTraceID())
		if key := r.Header.Get("Idempotency-Key"); key != "" {
			ctx = runtime.WithIdempotencyKey(ctx, key)
		}
		var cmd wallet.Deposit
		if r.ContentLength != 0 {
			if err := json.NewDecoder(r.Body).Decode(&cmd); err != nil {
				http.Error(w, fmt.Sprintf("invalid request body: %s", err), http.StatusBadRequest)
				return
			}
		}
		idVal, err := wallet.NewWalletId(r.PathValue("id"))
		if err != nil {
			http.Error(w, fmt.Sprintf("invalid path param %q: %s", "id", err), http.StatusBadRequest)
			return
		}
		cmd.WalletId = idVal
		if !wallet.PerformDepositIsReplay(ctx, cmd) {
			rlOK, rlResult := runtime.CheckRateLimits(ctx, performDepositRateLimitChecks(ctx, r))
			if !rlOK {
				writeRateLimitExceeded(w, rlResult)
				return
			}
			writeRateLimitHeaders(w, rlResult)
		}
		ctx, ucSpanEnd := runtime.RecordSpan(ctx, "UseCase.PerformDeposit")
		ucErr := wallet.PerformDeposit(ctx, cmd)
		ucSpanEnd(ucErr)
		if ucErr != nil {
			writeBusinessError(w, ucErr)
			return
		}
		w.WriteHeader(http.StatusNoContent)
	})
	mux.HandleFunc("POST /wallets/{id}/withdraw", func(w http.ResponseWriter, r *http.Request) {
		caller := devCallerFromRequest(r)
		ctx := runtime.WithCaller(r.Context(), caller)
		ctx = runtime.WithTrace(ctx, runtime.NewTraceID())
		if key := r.Header.Get("Idempotency-Key"); key != "" {
			ctx = runtime.WithIdempotencyKey(ctx, key)
		}
		var cmd wallet.Withdraw
		if r.ContentLength != 0 {
			if err := json.NewDecoder(r.Body).Decode(&cmd); err != nil {
				http.Error(w, fmt.Sprintf("invalid request body: %s", err), http.StatusBadRequest)
				return
			}
		}
		idVal, err := wallet.NewWalletId(r.PathValue("id"))
		if err != nil {
			http.Error(w, fmt.Sprintf("invalid path param %q: %s", "id", err), http.StatusBadRequest)
			return
		}
		cmd.WalletId = idVal
		if !wallet.PerformWithdrawalIsReplay(ctx, cmd) {
			rlOK, rlResult := runtime.CheckRateLimits(ctx, performWithdrawalRateLimitChecks(ctx, r))
			if !rlOK {
				writeRateLimitExceeded(w, rlResult)
				return
			}
			writeRateLimitHeaders(w, rlResult)
		}
		ctx, ucSpanEnd := runtime.RecordSpan(ctx, "UseCase.PerformWithdrawal")
		ucErr := wallet.PerformWithdrawal(ctx, cmd)
		ucSpanEnd(ucErr)
		if ucErr != nil {
			writeBusinessError(w, ucErr)
			return
		}
		w.WriteHeader(http.StatusNoContent)
	})
	mux.HandleFunc("GET /wallets/{id}", func(w http.ResponseWriter, r *http.Request) {
		caller := devCallerFromRequest(r)
		ctx := runtime.WithCaller(r.Context(), caller)
		ctx = runtime.WithTrace(ctx, runtime.NewTraceID())
		if key := r.Header.Get("Idempotency-Key"); key != "" {
			ctx = runtime.WithIdempotencyKey(ctx, key)
		}
		rlOK, rlResult := runtime.CheckRateLimits(ctx, getWalletRateLimitChecks(ctx, r))
		if !rlOK {
			writeRateLimitExceeded(w, rlResult)
			return
		}
		writeRateLimitHeaders(w, rlResult)
		if strings.Contains(strings.ToLower(r.Header.Get("Cache-Control")), "no-cache") {
			ctx = runtime.WithNoCache(ctx)
		}
		idVal, err := wallet.NewWalletId(r.PathValue("id"))
		if err != nil {
			http.Error(w, fmt.Sprintf("invalid path param %q: %s", "id", err), http.StatusBadRequest)
			return
		}
		ctx, qSpanEnd := runtime.RecordSpan(ctx, "Query.GetWallet")
		result, err := wallet.GetWallet(ctx, store, idVal)
		qSpanEnd(err)
		if err != nil {
			writeBusinessError(w, err)
			return
		}
		w.Header().Set("Content-Type", "application/json")
		if err := json.NewEncoder(w).Encode(result); err != nil {
			http.Error(w, fmt.Sprintf("failed to encode response: %s", err), http.StatusInternalServerError)
		}
	})
	mux.HandleFunc("GET /wallets/{id}/entries", func(w http.ResponseWriter, r *http.Request) {
		caller := devCallerFromRequest(r)
		ctx := runtime.WithCaller(r.Context(), caller)
		ctx = runtime.WithTrace(ctx, runtime.NewTraceID())
		if key := r.Header.Get("Idempotency-Key"); key != "" {
			ctx = runtime.WithIdempotencyKey(ctx, key)
		}
		rlOK, rlResult := runtime.CheckRateLimits(ctx, listEntriesRateLimitChecks(ctx, r))
		if !rlOK {
			writeRateLimitExceeded(w, rlResult)
			return
		}
		writeRateLimitHeaders(w, rlResult)
		idVal, err := wallet.NewWalletId(r.PathValue("id"))
		if err != nil {
			http.Error(w, fmt.Sprintf("invalid path param %q: %s", "id", err), http.StatusBadRequest)
			return
		}
		ctx, qSpanEnd := runtime.RecordSpan(ctx, "Query.ListEntries")
		result, err := wallet.ListEntries(ctx, store, idVal)
		qSpanEnd(err)
		if err != nil {
			writeBusinessError(w, err)
			return
		}
		w.Header().Set("Content-Type", "application/json")
		if err := json.NewEncoder(w).Encode(result); err != nil {
			http.Error(w, fmt.Sprintf("failed to encode response: %s", err), http.StatusInternalServerError)
		}
	})
	return mux
}

// devCallerFromRequest constrói um runtime.Caller de DESENVOLVIMENTO a partir
// do header "X-Caller-Id" (§design 3.12): presente e não-vazio ->
// Authenticated()==true, ID()==valor do header; ausente -> Authenticated()==
// false, ID()=="". Placeholder até a borda de auth real chegar; HasRole
// sempre devolve false.
func devCallerFromRequest(r *http.Request) runtime.Caller {
	id := r.Header.Get("X-Caller-Id")
	return devCaller{authenticated: id != "", id: id}
}

// devCaller implementa runtime.Caller para o caller de dev acima.
type devCaller struct {
	authenticated bool
	id            string
}

func (c devCaller) Authenticated() bool {
	return c.authenticated
}

func (c devCaller) ID() string {
	return c.id
}

func (c devCaller) HasRole(role string) bool {
	return false
}

// writeBusinessError mapeia err a um status HTTP (§design 3.12, REQ-28.2):
// distingue por errors.As(&runtime.BusinessError) — negócio -> 422, exceto
// runtime.ErrForbidden (403), runtime.ErrNotFound (404) e
// runtime.ErrIdempotencyInFlight (409, G2, spec §14 — corrida da mesma
// Idempotency-Key sob "concurrentRetry: reject"); qualquer outro error
// (infra) -> 503. runtime.ErrIdempotencyKeyConflict/ErrIdempotencyKeyRequired
// (G2) caem no default (422) DE PROPÓSITO — REQ-20.4 pede 422 para o
// conflito, que já é o que o default produz; não precisam de um case à
// parte, ao contrário de Forbidden/NotFound/InFlight, que DEVIAM do default.
// runtime.ErrNotFound (404) também é o que um Load/Query devolve para um
// aggregate de OUTRO tenant (G5, spec §13.2, row_level) — o mesmo caminho de
// "não encontrado", de propósito: cross-tenant nunca deve vazar um 403 (evita
// enumeração). Rate-limit (429, G4) e tenant ausente (400 fail-closed, G5) são
// resolvidos À PARTE, ANTES desta função sequer ser chamada (writeRateLimitExceeded/
// requireTenant, ver as rotas acima) — nenhum dos dois chega a err aqui. Sunset
// (410) continua marco posterior (G6) — deliberadamente não tratado aqui, para
// não travar a extensão futura com suposições erradas.
func writeBusinessError(w http.ResponseWriter, err error) {
	var be runtime.BusinessError
	if errors.As(err, &be) {
		switch {
		case errors.Is(err, runtime.ErrForbidden):
			http.Error(w, be.Msg, http.StatusForbidden)
		case errors.Is(err, runtime.ErrNotFound):
			http.Error(w, be.Msg, http.StatusNotFound)
		case errors.Is(err, runtime.ErrIdempotencyInFlight):
			http.Error(w, be.Msg, http.StatusConflict)
		default:
			http.Error(w, be.Msg, http.StatusUnprocessableEntity)
		}
		return
	}
	http.Error(w, "internal error", http.StatusServiceUnavailable)
}

// rateLimitClientIP extrai o identificador de rede do chamador para a
// dimensão perIp (spec §16): prioriza "X-Forwarded-For" (1º endereço da
// lista — convenção padrão de proxy reverso) e cai para r.RemoteAddr (só o
// host, sem a porta) na ausência do header. Nenhum dos dois é validado
// contra spoofing — confiar (ou não) num proxy é decisão de deploy, fora do
// escopo deste gerador.
func rateLimitClientIP(r *http.Request) string {
	if fwd := r.Header.Get("X-Forwarded-For"); fwd != "" {
		if i := strings.IndexByte(fwd, ','); i >= 0 {
			fwd = fwd[:i]
		}
		return strings.TrimSpace(fwd)
	}
	if host, _, err := net.SplitHostPort(r.RemoteAddr); err == nil {
		return host
	}
	return r.RemoteAddr
}

// rateLimitAPIKey extrai a chave de API para a dimensão perApiKey (spec
// §16) do header "X-Api-Key" — placeholder documentado até o projeto ter
// um sistema de autenticação por API key de verdade (nenhum existe ainda;
// mesmo espírito do X-Caller-Id de dev, devCallerFromRequest acima).
func rateLimitAPIKey(r *http.Request) string {
	return r.Header.Get("X-Api-Key")
}

// writeRateLimitHeaders escreve os headers "X-RateLimit-*" (spec §16) a
// partir do resultado MAIS RESTRITIVO entre as dimensões checadas
// (runtime.CheckRateLimits já resolve qual) — emitido tanto no caminho de
// sucesso quanto no 429, para o chamador sempre poder ver sua cota.
func writeRateLimitHeaders(w http.ResponseWriter, res runtime.RateLimitResult) {
	w.Header().Set("X-RateLimit-Limit", strconv.Itoa(res.Limit))
	w.Header().Set("X-RateLimit-Remaining", strconv.Itoa(res.Remaining))
	w.Header().Set("X-RateLimit-Reset", strconv.FormatInt(res.ResetAt.Unix(), 10))
}

// writeRateLimitExceeded escreve a resposta automática do spec §16: os
// mesmos headers X-RateLimit-* de sempre, mais "Retry-After" (segundos,
// arredondado para cima) e 429.
func writeRateLimitExceeded(w http.ResponseWriter, res runtime.RateLimitResult) {
	writeRateLimitHeaders(w, res)
	retryAfterSeconds := int64(res.RetryAfter / time.Second)
	if res.RetryAfter%time.Second != 0 {
		retryAfterSeconds++
	}
	if retryAfterSeconds < 0 {
		retryAfterSeconds = 0
	}
	w.Header().Set("Retry-After", strconv.FormatInt(retryAfterSeconds, 10))
	http.Error(w, "rate limit exceeded", http.StatusTooManyRequests)
}

// performDepositPerIpLimiter é o limitador perIp de POST "/wallets/{id}/deposit" -> PerformDeposit (spec §16, G4).
var performDepositPerIpLimiterRedisClient, performDepositPerIpLimiterRedisClientErr = redisruntime.OpenClient(os.Getenv("WALLET_REDIS_URL"))
var performDepositPerIpLimiter runtime.Limiter = newPerformDepositPerIpLimiter()

// newPerformDepositPerIpLimiter resolve o backend do limitador com FALLBACK LOCAL na abertura da
// conexão (REQ-44.5): um Redis fora do ar NUNCA derruba o processo — o
// limitador degrada para o in-process (proteção por-réplica em vez de
// global, exatamente o fallback que redisruntime.Allow já aplica para uma
// falha DEPOIS de conectado; ver a doc de redisrt/ratelimit.go.txt). Note
// que rate limit NÃO é fail-open total, ao contrário do cache: continuar
// limitando localmente é o ponto — desligar a proteção seria pior que
// limitar por réplica.
func newPerformDepositPerIpLimiter() runtime.Limiter {
	if performDepositPerIpLimiterRedisClientErr != nil {
		slog.Error("rate limit: Redis indisponível na abertura — usando fallback local por-réplica (REQ-44.5)", "limiter", "performDepositPerIpLimiter", "error", performDepositPerIpLimiterRedisClientErr)
		return runtime.NewLimiter("token_bucket", 1200, time.Duration(60000000000), 10)
	}
	return redisruntime.NewRedisLimiter(performDepositPerIpLimiterRedisClient, "performDepositPerIpLimiter", "token_bucket", 1200, time.Duration(60000000000), 10)
}

// performDepositPerUserLimiter é o limitador perUser de POST "/wallets/{id}/deposit" -> PerformDeposit (spec §16, G4).
var performDepositPerUserLimiterRedisClient, performDepositPerUserLimiterRedisClientErr = redisruntime.OpenClient(os.Getenv("WALLET_REDIS_URL"))
var performDepositPerUserLimiter runtime.Limiter = newPerformDepositPerUserLimiter()

// newPerformDepositPerUserLimiter resolve o backend do limitador com FALLBACK LOCAL na abertura da
// conexão (REQ-44.5): um Redis fora do ar NUNCA derruba o processo — o
// limitador degrada para o in-process (proteção por-réplica em vez de
// global, exatamente o fallback que redisruntime.Allow já aplica para uma
// falha DEPOIS de conectado; ver a doc de redisrt/ratelimit.go.txt). Note
// que rate limit NÃO é fail-open total, ao contrário do cache: continuar
// limitando localmente é o ponto — desligar a proteção seria pior que
// limitar por réplica.
func newPerformDepositPerUserLimiter() runtime.Limiter {
	if performDepositPerUserLimiterRedisClientErr != nil {
		slog.Error("rate limit: Redis indisponível na abertura — usando fallback local por-réplica (REQ-44.5)", "limiter", "performDepositPerUserLimiter", "error", performDepositPerUserLimiterRedisClientErr)
		return runtime.NewLimiter("token_bucket", 60, time.Duration(60000000000), 10)
	}
	return redisruntime.NewRedisLimiter(performDepositPerUserLimiterRedisClient, "performDepositPerUserLimiter", "token_bucket", 60, time.Duration(60000000000), 10)
}

// performDepositRateLimitChecks monta as dimensões de rate limit de POST "/wallets/{id}/deposit" -> PerformDeposit (spec §16, G4).
func performDepositRateLimitChecks(ctx context.Context, r *http.Request) []runtime.RateLimitCheck {
	var checks []runtime.RateLimitCheck
	checks = append(checks, runtime.RateLimitCheck{Limiter: performDepositPerIpLimiter, Key: rateLimitClientIP(r), FailOpen: true})
	if caller, ok := runtime.CallerFrom(ctx); ok && caller.Authenticated() {
		checks = append(checks, runtime.RateLimitCheck{Limiter: performDepositPerUserLimiter, Key: caller.ID(), FailOpen: true})
	}
	return checks
}

// performWithdrawalPerIpLimiter é o limitador perIp de POST "/wallets/{id}/withdraw" -> PerformWithdrawal (spec §16, G4).
var performWithdrawalPerIpLimiterRedisClient, performWithdrawalPerIpLimiterRedisClientErr = redisruntime.OpenClient(os.Getenv("WALLET_REDIS_URL"))
var performWithdrawalPerIpLimiter runtime.Limiter = newPerformWithdrawalPerIpLimiter()

// newPerformWithdrawalPerIpLimiter resolve o backend do limitador com FALLBACK LOCAL na abertura da
// conexão (REQ-44.5): um Redis fora do ar NUNCA derruba o processo — o
// limitador degrada para o in-process (proteção por-réplica em vez de
// global, exatamente o fallback que redisruntime.Allow já aplica para uma
// falha DEPOIS de conectado; ver a doc de redisrt/ratelimit.go.txt). Note
// que rate limit NÃO é fail-open total, ao contrário do cache: continuar
// limitando localmente é o ponto — desligar a proteção seria pior que
// limitar por réplica.
func newPerformWithdrawalPerIpLimiter() runtime.Limiter {
	if performWithdrawalPerIpLimiterRedisClientErr != nil {
		slog.Error("rate limit: Redis indisponível na abertura — usando fallback local por-réplica (REQ-44.5)", "limiter", "performWithdrawalPerIpLimiter", "error", performWithdrawalPerIpLimiterRedisClientErr)
		return runtime.NewLimiter("token_bucket", 1200, time.Duration(60000000000), 5)
	}
	return redisruntime.NewRedisLimiter(performWithdrawalPerIpLimiterRedisClient, "performWithdrawalPerIpLimiter", "token_bucket", 1200, time.Duration(60000000000), 5)
}

// performWithdrawalPerUserLimiter é o limitador perUser de POST "/wallets/{id}/withdraw" -> PerformWithdrawal (spec §16, G4).
var performWithdrawalPerUserLimiterRedisClient, performWithdrawalPerUserLimiterRedisClientErr = redisruntime.OpenClient(os.Getenv("WALLET_REDIS_URL"))
var performWithdrawalPerUserLimiter runtime.Limiter = newPerformWithdrawalPerUserLimiter()

// newPerformWithdrawalPerUserLimiter resolve o backend do limitador com FALLBACK LOCAL na abertura da
// conexão (REQ-44.5): um Redis fora do ar NUNCA derruba o processo — o
// limitador degrada para o in-process (proteção por-réplica em vez de
// global, exatamente o fallback que redisruntime.Allow já aplica para uma
// falha DEPOIS de conectado; ver a doc de redisrt/ratelimit.go.txt). Note
// que rate limit NÃO é fail-open total, ao contrário do cache: continuar
// limitando localmente é o ponto — desligar a proteção seria pior que
// limitar por réplica.
func newPerformWithdrawalPerUserLimiter() runtime.Limiter {
	if performWithdrawalPerUserLimiterRedisClientErr != nil {
		slog.Error("rate limit: Redis indisponível na abertura — usando fallback local por-réplica (REQ-44.5)", "limiter", "performWithdrawalPerUserLimiter", "error", performWithdrawalPerUserLimiterRedisClientErr)
		return runtime.NewLimiter("token_bucket", 30, time.Duration(60000000000), 5)
	}
	return redisruntime.NewRedisLimiter(performWithdrawalPerUserLimiterRedisClient, "performWithdrawalPerUserLimiter", "token_bucket", 30, time.Duration(60000000000), 5)
}

// performWithdrawalRateLimitChecks monta as dimensões de rate limit de POST "/wallets/{id}/withdraw" -> PerformWithdrawal (spec §16, G4).
func performWithdrawalRateLimitChecks(ctx context.Context, r *http.Request) []runtime.RateLimitCheck {
	var checks []runtime.RateLimitCheck
	checks = append(checks, runtime.RateLimitCheck{Limiter: performWithdrawalPerIpLimiter, Key: rateLimitClientIP(r), FailOpen: true})
	if caller, ok := runtime.CallerFrom(ctx); ok && caller.Authenticated() {
		checks = append(checks, runtime.RateLimitCheck{Limiter: performWithdrawalPerUserLimiter, Key: caller.ID(), FailOpen: true})
	}
	return checks
}

// getWalletPerIpLimiter é o limitador perIp de GET "/wallets/{id}" -> GetWallet (spec §16, G4).
var getWalletPerIpLimiterRedisClient, getWalletPerIpLimiterRedisClientErr = redisruntime.OpenClient(os.Getenv("WALLET_REDIS_URL"))
var getWalletPerIpLimiter runtime.Limiter = newGetWalletPerIpLimiter()

// newGetWalletPerIpLimiter resolve o backend do limitador com FALLBACK LOCAL na abertura da
// conexão (REQ-44.5): um Redis fora do ar NUNCA derruba o processo — o
// limitador degrada para o in-process (proteção por-réplica em vez de
// global, exatamente o fallback que redisruntime.Allow já aplica para uma
// falha DEPOIS de conectado; ver a doc de redisrt/ratelimit.go.txt). Note
// que rate limit NÃO é fail-open total, ao contrário do cache: continuar
// limitando localmente é o ponto — desligar a proteção seria pior que
// limitar por réplica.
func newGetWalletPerIpLimiter() runtime.Limiter {
	if getWalletPerIpLimiterRedisClientErr != nil {
		slog.Error("rate limit: Redis indisponível na abertura — usando fallback local por-réplica (REQ-44.5)", "limiter", "getWalletPerIpLimiter", "error", getWalletPerIpLimiterRedisClientErr)
		return runtime.NewLimiter("token_bucket", 1200, time.Duration(60000000000), 0)
	}
	return redisruntime.NewRedisLimiter(getWalletPerIpLimiterRedisClient, "getWalletPerIpLimiter", "token_bucket", 1200, time.Duration(60000000000), 0)
}

// getWalletPerUserLimiter é o limitador perUser de GET "/wallets/{id}" -> GetWallet (spec §16, G4).
var getWalletPerUserLimiterRedisClient, getWalletPerUserLimiterRedisClientErr = redisruntime.OpenClient(os.Getenv("WALLET_REDIS_URL"))
var getWalletPerUserLimiter runtime.Limiter = newGetWalletPerUserLimiter()

// newGetWalletPerUserLimiter resolve o backend do limitador com FALLBACK LOCAL na abertura da
// conexão (REQ-44.5): um Redis fora do ar NUNCA derruba o processo — o
// limitador degrada para o in-process (proteção por-réplica em vez de
// global, exatamente o fallback que redisruntime.Allow já aplica para uma
// falha DEPOIS de conectado; ver a doc de redisrt/ratelimit.go.txt). Note
// que rate limit NÃO é fail-open total, ao contrário do cache: continuar
// limitando localmente é o ponto — desligar a proteção seria pior que
// limitar por réplica.
func newGetWalletPerUserLimiter() runtime.Limiter {
	if getWalletPerUserLimiterRedisClientErr != nil {
		slog.Error("rate limit: Redis indisponível na abertura — usando fallback local por-réplica (REQ-44.5)", "limiter", "getWalletPerUserLimiter", "error", getWalletPerUserLimiterRedisClientErr)
		return runtime.NewLimiter("token_bucket", 600, time.Duration(60000000000), 0)
	}
	return redisruntime.NewRedisLimiter(getWalletPerUserLimiterRedisClient, "getWalletPerUserLimiter", "token_bucket", 600, time.Duration(60000000000), 0)
}

// getWalletRateLimitChecks monta as dimensões de rate limit de GET "/wallets/{id}" -> GetWallet (spec §16, G4).
func getWalletRateLimitChecks(ctx context.Context, r *http.Request) []runtime.RateLimitCheck {
	var checks []runtime.RateLimitCheck
	checks = append(checks, runtime.RateLimitCheck{Limiter: getWalletPerIpLimiter, Key: rateLimitClientIP(r), FailOpen: true})
	if caller, ok := runtime.CallerFrom(ctx); ok && caller.Authenticated() {
		checks = append(checks, runtime.RateLimitCheck{Limiter: getWalletPerUserLimiter, Key: caller.ID(), FailOpen: true})
	}
	return checks
}

// listEntriesPerIpLimiter é o limitador perIp de GET "/wallets/{id}/entries" -> ListEntries (spec §16, G4).
var listEntriesPerIpLimiterRedisClient, listEntriesPerIpLimiterRedisClientErr = redisruntime.OpenClient(os.Getenv("WALLET_REDIS_URL"))
var listEntriesPerIpLimiter runtime.Limiter = newListEntriesPerIpLimiter()

// newListEntriesPerIpLimiter resolve o backend do limitador com FALLBACK LOCAL na abertura da
// conexão (REQ-44.5): um Redis fora do ar NUNCA derruba o processo — o
// limitador degrada para o in-process (proteção por-réplica em vez de
// global, exatamente o fallback que redisruntime.Allow já aplica para uma
// falha DEPOIS de conectado; ver a doc de redisrt/ratelimit.go.txt). Note
// que rate limit NÃO é fail-open total, ao contrário do cache: continuar
// limitando localmente é o ponto — desligar a proteção seria pior que
// limitar por réplica.
func newListEntriesPerIpLimiter() runtime.Limiter {
	if listEntriesPerIpLimiterRedisClientErr != nil {
		slog.Error("rate limit: Redis indisponível na abertura — usando fallback local por-réplica (REQ-44.5)", "limiter", "listEntriesPerIpLimiter", "error", listEntriesPerIpLimiterRedisClientErr)
		return runtime.NewLimiter("token_bucket", 1200, time.Duration(60000000000), 0)
	}
	return redisruntime.NewRedisLimiter(listEntriesPerIpLimiterRedisClient, "listEntriesPerIpLimiter", "token_bucket", 1200, time.Duration(60000000000), 0)
}

// listEntriesPerUserLimiter é o limitador perUser de GET "/wallets/{id}/entries" -> ListEntries (spec §16, G4).
var listEntriesPerUserLimiterRedisClient, listEntriesPerUserLimiterRedisClientErr = redisruntime.OpenClient(os.Getenv("WALLET_REDIS_URL"))
var listEntriesPerUserLimiter runtime.Limiter = newListEntriesPerUserLimiter()

// newListEntriesPerUserLimiter resolve o backend do limitador com FALLBACK LOCAL na abertura da
// conexão (REQ-44.5): um Redis fora do ar NUNCA derruba o processo — o
// limitador degrada para o in-process (proteção por-réplica em vez de
// global, exatamente o fallback que redisruntime.Allow já aplica para uma
// falha DEPOIS de conectado; ver a doc de redisrt/ratelimit.go.txt). Note
// que rate limit NÃO é fail-open total, ao contrário do cache: continuar
// limitando localmente é o ponto — desligar a proteção seria pior que
// limitar por réplica.
func newListEntriesPerUserLimiter() runtime.Limiter {
	if listEntriesPerUserLimiterRedisClientErr != nil {
		slog.Error("rate limit: Redis indisponível na abertura — usando fallback local por-réplica (REQ-44.5)", "limiter", "listEntriesPerUserLimiter", "error", listEntriesPerUserLimiterRedisClientErr)
		return runtime.NewLimiter("token_bucket", 120, time.Duration(60000000000), 0)
	}
	return redisruntime.NewRedisLimiter(listEntriesPerUserLimiterRedisClient, "listEntriesPerUserLimiter", "token_bucket", 120, time.Duration(60000000000), 0)
}

// listEntriesRateLimitChecks monta as dimensões de rate limit de GET "/wallets/{id}/entries" -> ListEntries (spec §16, G4).
func listEntriesRateLimitChecks(ctx context.Context, r *http.Request) []runtime.RateLimitCheck {
	var checks []runtime.RateLimitCheck
	checks = append(checks, runtime.RateLimitCheck{Limiter: listEntriesPerIpLimiter, Key: rateLimitClientIP(r), FailOpen: true})
	if caller, ok := runtime.CallerFrom(ctx); ok && caller.Authenticated() {
		checks = append(checks, runtime.RateLimitCheck{Limiter: listEntriesPerUserLimiter, Key: caller.ID(), FailOpen: true})
	}
	return checks
}
